desc: --massif-out-file=massif_yystackdepth32.out --stacks=yes
cmd: ./test/test_massif
time_unit: i
#-----------
snapshot=0
#-----------
time=0
mem_heap_B=0
mem_heap_extra_B=0
mem_stacks_B=0
heap_tree=empty
#-----------
snapshot=1
#-----------
time=445583
mem_heap_B=8790
mem_heap_extra_B=5890
mem_stacks_B=3504
heap_tree=peak
n5: 8790 (heap allocation functions) malloc/new/new[], --alloc-fns, etc.
 n1: 4096 0x49C81B4: _IO_file_doallocate (filedoalloc.c:101)
  n1: 4096 0x49D8523: _IO_doallocbuf (genops.c:347)
   n1: 4096 0x49D5F8F: _IO_file_overflow@@GLIBC_2.2.5 (fileops.c:745)
    n1: 4096 0x49D6AAE: _IO_new_file_xsputn (fileops.c:1244)
     n1: 4096 0x49D6AAE: _IO_file_xsputn@@GLIBC_2.2.5 (fileops.c:1197)
      n1: 4096 0x49CAC5C: puts (ioputs.c:40)
       n0: 4096 0x10DA95: main (in /home/user/omnomnum/test/test_massif)
 n1: 3664 0x110C2C: ParseAlloc (in /home/user/omnomnum/test/test_massif)
  n2: 3664 0x10FAB0: find_numbers (in /home/user/omnomnum/test/test_massif)
   n1: 1832 0x10F151: process_fallback_token (in /home/user/omnomnum/test/test_massif)
    n1: 1832 0x1101E4: normalize (in /home/user/omnomnum/test/test_massif)
     n1: 1832 0x10DA1B: test_fallback_heavy (in /home/user/omnomnum/test/test_massif)
      n0: 1832 0x10DAB3: main (in /home/user/omnomnum/test/test_massif)
   n1: 1832 0x10FDCE: normalize (in /home/user/omnomnum/test/test_massif)
    n1: 1832 0x10DA1B: test_fallback_heavy (in /home/user/omnomnum/test/test_massif)
     n0: 1832 0x10DAB3: main (in /home/user/omnomnum/test/test_massif)
 n2: 384 0x132736: initYYSTYPEList (in /home/user/omnomnum/test/test_massif)
  n1: 384 0x132D04: getOrInitSubState (in /home/user/omnomnum/test/test_massif)
   n1: 384 0x10F0D8: process_fallback_token (in /home/user/omnomnum/test/test_massif)
    n1: 384 0x1101E4: normalize (in /home/user/omnomnum/test/test_massif)
     n1: 384 0x10DA1B: test_fallback_heavy (in /home/user/omnomnum/test/test_massif)
      n0: 384 0x10DAB3: main (in /home/user/omnomnum/test/test_massif)
  n0: 0 in 1 place, below massif's threshold (1.00%)
 n1: 384 0x1328C9: resetYYSTYPElist (in /home/user/omnomnum/test/test_massif)
  n1: 384 0x132B19: resetParserState (in /home/user/omnomnum/test/test_massif)
   n1: 384 0x10DA2A: test_fallback_heavy (in /home/user/omnomnum/test/test_massif)
    n0: 384 0x10DAB3: main (in /home/user/omnomnum/test/test_massif)
 n0: 262 in 4 places, all below massif's threshold (1.00%)
#-----------
snapshot=2
#-----------
time=2004197
mem_heap_B=8790
mem_heap_extra_B=5890
mem_stacks_B=1464
heap_tree=empty
#-----------
snapshot=3
#-----------
time=3530210
mem_heap_B=8790
mem_heap_extra_B=5890
mem_stacks_B=1296
heap_tree=empty
#-----------
snapshot=4
#-----------
time=5387565
mem_heap_B=8790
mem_heap_extra_B=5890
mem_stacks_B=1328
heap_tree=empty
#-----------
snapshot=5
#-----------
time=6997768
mem_heap_B=8790
mem_heap_extra_B=5890
mem_stacks_B=1112
heap_tree=empty
#-----------
snapshot=6
#-----------
time=8727067
mem_heap_B=8790
mem_heap_extra_B=5890
mem_stacks_B=1400
heap_tree=empty
#-----------
snapshot=7
#-----------
time=10916545
mem_heap_B=8790
mem_heap_extra_B=5890
mem_stacks_B=1496
heap_tree=empty
#-----------
snapshot=8
#-----------
time=12469121
mem_heap_B=8790
mem_heap_extra_B=5890
mem_stacks_B=1496
heap_tree=empty
#-----------
snapshot=9
#-----------
time=14498264
mem_heap_B=8790
mem_heap_extra_B=5890
mem_stacks_B=2328
heap_tree=empty
#-----------
snapshot=10
#-----------
time=15503289
mem_heap_B=8790
mem_heap_extra_B=5890
mem_stacks_B=1088
heap_tree=empty
#-----------
snapshot=11
#-----------
time=16727757
mem_heap_B=8790
mem_heap_extra_B=5890
mem_stacks_B=1616
heap_tree=empty
#-----------
snapshot=12
#-----------
time=17952166
mem_heap_B=8790
mem_heap_extra_B=5890
mem_stacks_B=1112
heap_tree=empty
#-----------
snapshot=13
#-----------
time=19788684
mem_heap_B=8790
mem_heap_extra_B=5890
mem_stacks_B=1584
heap_tree=empty
#-----------
snapshot=14
#-----------
time=20810071
mem_heap_B=8790
mem_heap_extra_B=5890
mem_stacks_B=1576
heap_tree=empty
#-----------
snapshot=15
#-----------
time=22238543
mem_heap_B=8790
mem_heap_extra_B=5890
mem_stacks_B=1576
heap_tree=empty
#-----------
snapshot=16
#-----------
time=24279315
mem_heap_B=8790
mem_heap_extra_B=5890
mem_stacks_B=872
heap_tree=empty
#-----------
snapshot=17
#-----------
time=25999442
mem_heap_B=8790
mem_heap_extra_B=5890
mem_stacks_B=1328
heap_tree=empty
#-----------
snapshot=18
#-----------
time=28099003
mem_heap_B=8790
mem_heap_extra_B=5890
mem_stacks_B=1472
heap_tree=empty
#-----------
snapshot=19
#-----------
time=29848643
mem_heap_B=8790
mem_heap_extra_B=5890
mem_stacks_B=1584
heap_tree=empty
#-----------
snapshot=20
#-----------
time=31248308
mem_heap_B=8790
mem_heap_extra_B=5890
mem_stacks_B=1584
heap_tree=empty
#-----------
snapshot=21
#-----------
time=33348099
mem_heap_B=8790
mem_heap_extra_B=5890
mem_stacks_B=3304
heap_tree=empty
#-----------
snapshot=22
#-----------
time=35447664
mem_heap_B=8790
mem_heap_extra_B=5890
mem_stacks_B=1104
heap_tree=empty
#-----------
snapshot=23
#-----------
time=36847368
mem_heap_B=8790
mem_heap_extra_B=5890
mem_stacks_B=2336
heap_tree=empty
#-----------
snapshot=24
#-----------
time=38247024
mem_heap_B=8790
mem_heap_extra_B=5890
mem_stacks_B=2192
heap_tree=empty
#-----------
snapshot=25
#-----------
time=39646694
mem_heap_B=8790
mem_heap_extra_B=5890
mem_stacks_B=1472
heap_tree=detailed
n6: 8790 (heap allocation functions) malloc/new/new[], --alloc-fns, etc.
 n1: 4096 0x49C81B4: _IO_file_doallocate (filedoalloc.c:101)
  n1: 4096 0x49D8523: _IO_doallocbuf (genops.c:347)
   n1: 4096 0x49D5F8F: _IO_file_overflow@@GLIBC_2.2.5 (fileops.c:745)
    n1: 4096 0x49D6AAE: _IO_new_file_xsputn (fileops.c:1244)
     n1: 4096 0x49D6AAE: _IO_file_xsputn@@GLIBC_2.2.5 (fileops.c:1197)
      n1: 4096 0x49CAC5C: puts (ioputs.c:40)
       n0: 4096 0x10DA95: main (in /home/user/omnomnum/test/test_massif)
 n1: 3664 0x110C2C: ParseAlloc (in /home/user/omnomnum/test/test_massif)
  n2: 3664 0x10FAB0: find_numbers (in /home/user/omnomnum/test/test_massif)
   n1: 1832 0x10F151: process_fallback_token (in /home/user/omnomnum/test/test_massif)
    n1: 1832 0x1101E4: normalize (in /home/user/omnomnum/test/test_massif)
     n1: 1832 0x10DA1B: test_fallback_heavy (in /home/user/omnomnum/test/test_massif)
      n0: 1832 0x10DAB3: main (in /home/user/omnomnum/test/test_massif)
   n1: 1832 0x10FDCE: normalize (in /home/user/omnomnum/test/test_massif)
    n1: 1832 0x10DA1B: test_fallback_heavy (in /home/user/omnomnum/test/test_massif)
     n0: 1832 0x10DAB3: main (in /home/user/omnomnum/test/test_massif)
 n2: 384 0x132736: initYYSTYPEList (in /home/user/omnomnum/test/test_massif)
  n1: 384 0x132D04: getOrInitSubState (in /home/user/omnomnum/test/test_massif)
   n1: 384 0x10F0D8: process_fallback_token (in /home/user/omnomnum/test/test_massif)
    n1: 384 0x1101E4: normalize (in /home/user/omnomnum/test/test_massif)
     n1: 384 0x10DA1B: test_fallback_heavy (in /home/user/omnomnum/test/test_massif)
      n0: 384 0x10DAB3: main (in /home/user/omnomnum/test/test_massif)
  n0: 0 in 1 place, below massif's threshold (1.00%)
 n1: 384 0x1328C9: resetYYSTYPElist (in /home/user/omnomnum/test/test_massif)
  n1: 384 0x132B19: resetParserState (in /home/user/omnomnum/test/test_massif)
   n1: 384 0x10DA2A: test_fallback_heavy (in /home/user/omnomnum/test/test_massif)
    n0: 384 0x10DAB3: main (in /home/user/omnomnum/test/test_massif)
 n2: 170 0x12FC1A: sdsMakeRoomFor (in /home/user/omnomnum/test/test_massif)
  n1: 164 0x10FE34: normalize (in /home/user/omnomnum/test/test_massif)
   n1: 164 0x10DA1B: test_fallback_heavy (in /home/user/omnomnum/test/test_massif)
    n0: 164 0x10DAB3: main (in /home/user/omnomnum/test/test_massif)
  n0: 6 in 1 place, below massif's threshold (1.00%)
 n0: 92 in 3 places, all below massif's threshold (1.00%)
#-----------
snapshot=26
#-----------
time=41046422
mem_heap_B=8790
mem_heap_extra_B=5890
mem_stacks_B=1064
heap_tree=empty
#-----------
snapshot=27
#-----------
time=42796056
mem_heap_B=8790
mem_heap_extra_B=5890
mem_stacks_B=1584
heap_tree=empty
#-----------
snapshot=28
#-----------
time=43986012
mem_heap_B=8790
mem_heap_extra_B=5890
mem_stacks_B=1136
heap_tree=empty
#-----------
snapshot=29
#-----------
time=45176008
mem_heap_B=8790
mem_heap_extra_B=5890
mem_stacks_B=1472
heap_tree=empty
#-----------
snapshot=30
#-----------
time=46960990
mem_heap_B=8790
mem_heap_extra_B=5890
mem_stacks_B=3128
heap_tree=empty
#-----------
snapshot=31
#-----------
time=48151118
mem_heap_B=8790
mem_heap_extra_B=5890
mem_stacks_B=1088
heap_tree=empty
#-----------
snapshot=32
#-----------
time=49936080
mem_heap_B=8790
mem_heap_extra_B=5890
mem_stacks_B=1136
heap_tree=empty
#-----------
snapshot=33
#-----------
time=51721043
mem_heap_B=8790
mem_heap_extra_B=5890
mem_stacks_B=1288
heap_tree=empty
#-----------
snapshot=34
#-----------
time=52911012
mem_heap_B=8790
mem_heap_extra_B=5890
mem_stacks_B=1584
heap_tree=empty
#-----------
snapshot=35
#-----------
time=54101043
mem_heap_B=8790
mem_heap_extra_B=5890
mem_stacks_B=1496
heap_tree=empty
#-----------
snapshot=36
#-----------
time=55291092
mem_heap_B=8790
mem_heap_extra_B=5890
mem_stacks_B=1288
heap_tree=detailed
n6: 8790 (heap allocation functions) malloc/new/new[], --alloc-fns, etc.
 n1: 4096 0x49C81B4: _IO_file_doallocate (filedoalloc.c:101)
  n1: 4096 0x49D8523: _IO_doallocbuf (genops.c:347)
   n1: 4096 0x49D5F8F: _IO_file_overflow@@GLIBC_2.2.5 (fileops.c:745)
    n1: 4096 0x49D6AAE: _IO_new_file_xsputn (fileops.c:1244)
     n1: 4096 0x49D6AAE: _IO_file_xsputn@@GLIBC_2.2.5 (fileops.c:1197)
      n1: 4096 0x49CAC5C: puts (ioputs.c:40)
       n0: 4096 0x10DA95: main (in /home/user/omnomnum/test/test_massif)
 n1: 3664 0x110C2C: ParseAlloc (in /home/user/omnomnum/test/test_massif)
  n2: 3664 0x10FAB0: find_numbers (in /home/user/omnomnum/test/test_massif)
   n1: 1832 0x10F151: process_fallback_token (in /home/user/omnomnum/test/test_massif)
    n1: 1832 0x1101E4: normalize (in /home/user/omnomnum/test/test_massif)
     n1: 1832 0x10DA1B: test_fallback_heavy (in /home/user/omnomnum/test/test_massif)
      n0: 1832 0x10DAB3: main (in /home/user/omnomnum/test/test_massif)
   n1: 1832 0x10FDCE: normalize (in /home/user/omnomnum/test/test_massif)
    n1: 1832 0x10DA1B: test_fallback_heavy (in /home/user/omnomnum/test/test_massif)
     n0: 1832 0x10DAB3: main (in /home/user/omnomnum/test/test_massif)
 n2: 384 0x132736: initYYSTYPEList (in /home/user/omnomnum/test/test_massif)
  n1: 384 0x132D04: getOrInitSubState (in /home/user/omnomnum/test/test_massif)
   n1: 384 0x10F0D8: process_fallback_token (in /home/user/omnomnum/test/test_massif)
    n1: 384 0x1101E4: normalize (in /home/user/omnomnum/test/test_massif)
     n1: 384 0x10DA1B: test_fallback_heavy (in /home/user/omnomnum/test/test_massif)
      n0: 384 0x10DAB3: main (in /home/user/omnomnum/test/test_massif)
  n0: 0 in 1 place, below massif's threshold (1.00%)
 n1: 384 0x1328C9: resetYYSTYPElist (in /home/user/omnomnum/test/test_massif)
  n1: 384 0x132B19: resetParserState (in /home/user/omnomnum/test/test_massif)
   n1: 384 0x10DA2A: test_fallback_heavy (in /home/user/omnomnum/test/test_massif)
    n0: 384 0x10DAB3: main (in /home/user/omnomnum/test/test_massif)
 n2: 170 0x12FC1A: sdsMakeRoomFor (in /home/user/omnomnum/test/test_massif)
  n1: 164 0x10FE34: normalize (in /home/user/omnomnum/test/test_massif)
   n1: 164 0x10DA1B: test_fallback_heavy (in /home/user/omnomnum/test/test_massif)
    n0: 164 0x10DAB3: main (in /home/user/omnomnum/test/test_massif)
  n0: 6 in 1 place, below massif's threshold (1.00%)
 n0: 92 in 3 places, all below massif's threshold (1.00%)
#-----------
snapshot=37
#-----------
time=56481067
mem_heap_B=8790
mem_heap_extra_B=5890
mem_stacks_B=1472
heap_tree=empty
#-----------
snapshot=38
#-----------
time=57671162
mem_heap_B=8790
mem_heap_extra_B=5890
mem_stacks_B=1088
heap_tree=empty
#-----------
snapshot=39
#-----------
time=58861194
mem_heap_B=8790
mem_heap_extra_B=5890
mem_stacks_B=1464
heap_tree=empty
#-----------
snapshot=40
#-----------
time=60051172
mem_heap_B=8790
mem_heap_extra_B=5890
mem_stacks_B=1400
heap_tree=empty
#-----------
snapshot=41
#-----------
time=61241588
mem_heap_B=8790
mem_heap_extra_B=5890
mem_stacks_B=1576
heap_tree=detailed
n6: 8790 (heap allocation functions) malloc/new/new[], --alloc-fns, etc.
 n1: 4096 0x49C81B4: _IO_file_doallocate (filedoalloc.c:101)
  n1: 4096 0x49D8523: _IO_doallocbuf (genops.c:347)
   n1: 4096 0x49D5F8F: _IO_file_overflow@@GLIBC_2.2.5 (fileops.c:745)
    n1: 4096 0x49D6AAE: _IO_new_file_xsputn (fileops.c:1244)
     n1: 4096 0x49D6AAE: _IO_file_xsputn@@GLIBC_2.2.5 (fileops.c:1197)
      n1: 4096 0x49CAC5C: puts (ioputs.c:40)
       n0: 4096 0x10DA95: main (in /home/user/omnomnum/test/test_massif)
 n1: 3664 0x110C2C: ParseAlloc (in /home/user/omnomnum/test/test_massif)
  n2: 3664 0x10FAB0: find_numbers (in /home/user/omnomnum/test/test_massif)
   n1: 1832 0x10F151: process_fallback_token (in /home/user/omnomnum/test/test_massif)
    n1: 1832 0x1101E4: normalize (in /home/user/omnomnum/test/test_massif)
     n1: 1832 0x10DA1B: test_fallback_heavy (in /home/user/omnomnum/test/test_massif)
      n0: 1832 0x10DAB3: main (in /home/user/omnomnum/test/test_massif)
   n1: 1832 0x10FDCE: normalize (in /home/user/omnomnum/test/test_massif)
    n1: 1832 0x10DA1B: test_fallback_heavy (in /home/user/omnomnum/test/test_massif)
     n0: 1832 0x10DAB3: main (in /home/user/omnomnum/test/test_massif)
 n2: 384 0x132736: initYYSTYPEList (in /home/user/omnomnum/test/test_massif)
  n1: 384 0x132D04: getOrInitSubState (in /home/user/omnomnum/test/test_massif)
   n1: 384 0x10F0D8: process_fallback_token (in /home/user/omnomnum/test/test_massif)
    n1: 384 0x1101E4: normalize (in /home/user/omnomnum/test/test_massif)
     n1: 384 0x10DA1B: test_fallback_heavy (in /home/user/omnomnum/test/test_massif)
      n0: 384 0x10DAB3: main (in /home/user/omnomnum/test/test_massif)
  n0: 0 in 1 place, below massif's threshold (1.00%)
 n1: 384 0x1328C9: resetYYSTYPElist (in /home/user/omnomnum/test/test_massif)
  n1: 384 0x132B19: resetParserState (in /home/user/omnomnum/test/test_massif)
   n1: 384 0x10DA2A: test_fallback_heavy (in /home/user/omnomnum/test/test_massif)
    n0: 384 0x10DAB3: main (in /home/user/omnomnum/test/test_massif)
 n2: 170 0x12FC1A: sdsMakeRoomFor (in /home/user/omnomnum/test/test_massif)
  n1: 164 0x10FE34: normalize (in /home/user/omnomnum/test/test_massif)
   n1: 164 0x10DA1B: test_fallback_heavy (in /home/user/omnomnum/test/test_massif)
    n0: 164 0x10DAB3: main (in /home/user/omnomnum/test/test_massif)
  n0: 6 in 1 place, below massif's threshold (1.00%)
 n0: 92 in 3 places, all below massif's threshold (1.00%)
#-----------
snapshot=42
#-----------
time=63026611
mem_heap_B=8790
mem_heap_extra_B=5890
mem_stacks_B=1464
heap_tree=empty
#-----------
snapshot=43
#-----------
time=64216615
mem_heap_B=8790
mem_heap_extra_B=5890
mem_stacks_B=1104
heap_tree=empty
#-----------
snapshot=44
#-----------
time=66001565
mem_heap_B=8790
mem_heap_extra_B=5890
mem_stacks_B=1328
heap_tree=empty
#-----------
snapshot=45
#-----------
time=67191526
mem_heap_B=8790
mem_heap_extra_B=5890
mem_stacks_B=1328
heap_tree=detailed
n6: 8790 (heap allocation functions) malloc/new/new[], --alloc-fns, etc.
 n1: 4096 0x49C81B4: _IO_file_doallocate (filedoalloc.c:101)
  n1: 4096 0x49D8523: _IO_doallocbuf (genops.c:347)
   n1: 4096 0x49D5F8F: _IO_file_overflow@@GLIBC_2.2.5 (fileops.c:745)
    n1: 4096 0x49D6AAE: _IO_new_file_xsputn (fileops.c:1244)
     n1: 4096 0x49D6AAE: _IO_file_xsputn@@GLIBC_2.2.5 (fileops.c:1197)
      n1: 4096 0x49CAC5C: puts (ioputs.c:40)
       n0: 4096 0x10DA95: main (in /home/user/omnomnum/test/test_massif)
 n1: 3664 0x110C2C: ParseAlloc (in /home/user/omnomnum/test/test_massif)
  n2: 3664 0x10FAB0: find_numbers (in /home/user/omnomnum/test/test_massif)
   n1: 1832 0x10F151: process_fallback_token (in /home/user/omnomnum/test/test_massif)
    n1: 1832 0x1101E4: normalize (in /home/user/omnomnum/test/test_massif)
     n1: 1832 0x10DA1B: test_fallback_heavy (in /home/user/omnomnum/test/test_massif)
      n0: 1832 0x10DAB3: main (in /home/user/omnomnum/test/test_massif)
   n1: 1832 0x10FDCE: normalize (in /home/user/omnomnum/test/test_massif)
    n1: 1832 0x10DA1B: test_fallback_heavy (in /home/user/omnomnum/test/test_massif)
     n0: 1832 0x10DAB3: main (in /home/user/omnomnum/test/test_massif)
 n2: 384 0x132736: initYYSTYPEList (in /home/user/omnomnum/test/test_massif)
  n1: 384 0x132D04: getOrInitSubState (in /home/user/omnomnum/test/test_massif)
   n1: 384 0x10F0D8: process_fallback_token (in /home/user/omnomnum/test/test_massif)
    n1: 384 0x1101E4: normalize (in /home/user/omnomnum/test/test_massif)
     n1: 384 0x10DA1B: test_fallback_heavy (in /home/user/omnomnum/test/test_massif)
      n0: 384 0x10DAB3: main (in /home/user/omnomnum/test/test_massif)
  n0: 0 in 1 place, below massif's threshold (1.00%)
 n1: 384 0x1328C9: resetYYSTYPElist (in /home/user/omnomnum/test/test_massif)
  n1: 384 0x132B19: resetParserState (in /home/user/omnomnum/test/test_massif)
   n1: 384 0x10DA2A: test_fallback_heavy (in /home/user/omnomnum/test/test_massif)
    n0: 384 0x10DAB3: main (in /home/user/omnomnum/test/test_massif)
 n2: 170 0x12FC1A: sdsMakeRoomFor (in /home/user/omnomnum/test/test_massif)
  n1: 164 0x10FE34: normalize (in /home/user/omnomnum/test/test_massif)
   n1: 164 0x10DA1B: test_fallback_heavy (in /home/user/omnomnum/test/test_massif)
    n0: 164 0x10DAB3: main (in /home/user/omnomnum/test/test_massif)
  n0: 6 in 1 place, below massif's threshold (1.00%)
 n0: 92 in 3 places, all below massif's threshold (1.00%)
#-----------
snapshot=46
#-----------
time=68381488
mem_heap_B=8790
mem_heap_extra_B=5890
mem_stacks_B=1288
heap_tree=empty
#-----------
snapshot=47
#-----------
time=70166528
mem_heap_B=8790
mem_heap_extra_B=5890
mem_stacks_B=1344
heap_tree=empty
#-----------
snapshot=48
#-----------
time=71356494
mem_heap_B=8790
mem_heap_extra_B=5890
mem_stacks_B=1616
heap_tree=empty
#-----------
snapshot=49
#-----------
time=72546458
mem_heap_B=8790
mem_heap_extra_B=5890
mem_stacks_B=2160
heap_tree=empty
#-----------
snapshot=50
#-----------
time=73551500
mem_heap_B=8790
mem_heap_extra_B=5890
mem_stacks_B=1112
heap_tree=detailed
n6: 8790 (heap allocation functions) malloc/new/new[], --alloc-fns, etc.
 n1: 4096 0x49C81B4: _IO_file_doallocate (filedoalloc.c:101)
  n1: 4096 0x49D8523: _IO_doallocbuf (genops.c:347)
   n1: 4096 0x49D5F8F: _IO_file_overflow@@GLIBC_2.2.5 (fileops.c:745)
    n1: 4096 0x49D6AAE: _IO_new_file_xsputn (fileops.c:1244)
     n1: 4096 0x49D6AAE: _IO_file_xsputn@@GLIBC_2.2.5 (fileops.c:1197)
      n1: 4096 0x49CAC5C: puts (ioputs.c:40)
       n0: 4096 0x10DA95: main (in /home/user/omnomnum/test/test_massif)
 n1: 3664 0x110C2C: ParseAlloc (in /home/user/omnomnum/test/test_massif)
  n2: 3664 0x10FAB0: find_numbers (in /home/user/omnomnum/test/test_massif)
   n1: 1832 0x10F151: process_fallback_token (in /home/user/omnomnum/test/test_massif)
    n1: 1832 0x1101E4: normalize (in /home/user/omnomnum/test/test_massif)
     n1: 1832 0x10DA1B: test_fallback_heavy (in /home/user/omnomnum/test/test_massif)
      n0: 1832 0x10DAB3: main (in /home/user/omnomnum/test/test_massif)
   n1: 1832 0x10FDCE: normalize (in /home/user/omnomnum/test/test_massif)
    n1: 1832 0x10DA1B: test_fallback_heavy (in /home/user/omnomnum/test/test_massif)
     n0: 1832 0x10DAB3: main (in /home/user/omnomnum/test/test_massif)
 n2: 384 0x132736: initYYSTYPEList (in /home/user/omnomnum/test/test_massif)
  n1: 384 0x132D04: getOrInitSubState (in /home/user/omnomnum/test/test_massif)
   n1: 384 0x10F0D8: process_fallback_token (in /home/user/omnomnum/test/test_massif)
    n1: 384 0x1101E4: normalize (in /home/user/omnomnum/test/test_massif)
     n1: 384 0x10DA1B: test_fallback_heavy (in /home/user/omnomnum/test/test_massif)
      n0: 384 0x10DAB3: main (in /home/user/omnomnum/test/test_massif)
  n0: 0 in 1 place, below massif's threshold (1.00%)
 n1: 384 0x1328C9: resetYYSTYPElist (in /home/user/omnomnum/test/test_massif)
  n1: 384 0x132B19: resetParserState (in /home/user/omnomnum/test/test_massif)
   n1: 384 0x10DA2A: test_fallback_heavy (in /home/user/omnomnum/test/test_massif)
    n0: 384 0x10DAB3: main (in /home/user/omnomnum/test/test_massif)
 n2: 170 0x12FC1A: sdsMakeRoomFor (in /home/user/omnomnum/test/test_massif)
  n1: 164 0x10FE34: normalize (in /home/user/omnomnum/test/test_massif)
   n1: 164 0x10DA1B: test_fallback_heavy (in /home/user/omnomnum/test/test_massif)
    n0: 164 0x10DAB3: main (in /home/user/omnomnum/test/test_massif)
  n0: 6 in 1 place, below massif's threshold (1.00%)
 n0: 92 in 3 places, all below massif's threshold (1.00%)
#-----------
snapshot=51
#-----------
time=74556533
mem_heap_B=8790
mem_heap_extra_B=5890
mem_stacks_B=1576
heap_tree=empty
#-----------
snapshot=52
#-----------
time=75561646
mem_heap_B=8790
mem_heap_extra_B=5890
mem_stacks_B=1944
heap_tree=empty
#-----------
snapshot=53
#-----------
time=76566717
mem_heap_B=8790
mem_heap_extra_B=5890
mem_stacks_B=1472
heap_tree=empty
#-----------
snapshot=54
#-----------
time=77571765
mem_heap_B=8790
mem_heap_extra_B=5890
mem_stacks_B=1328
heap_tree=empty
#-----------
snapshot=55
#-----------
time=78576860
mem_heap_B=8790
mem_heap_extra_B=5890
mem_stacks_B=2328
heap_tree=empty
#-----------
snapshot=56
#-----------
time=79581888
mem_heap_B=8790
mem_heap_extra_B=5890
mem_stacks_B=1240
heap_tree=empty
#-----------
snapshot=57
#-----------
time=80586965
mem_heap_B=8790
mem_heap_extra_B=5890
mem_stacks_B=2056
heap_tree=empty
#-----------
snapshot=58
#-----------
time=81592215
mem_heap_B=8790
mem_heap_extra_B=5890
mem_stacks_B=1496
heap_tree=empty
#-----------
snapshot=59
#-----------
time=82597445
mem_heap_B=8790
mem_heap_extra_B=5890
mem_stacks_B=1088
heap_tree=empty
#-----------
snapshot=60
#-----------
time=83602473
mem_heap_B=8790
mem_heap_extra_B=5890
mem_stacks_B=1584
heap_tree=detailed
n6: 8790 (heap allocation functions) malloc/new/new[], --alloc-fns, etc.
 n1: 4096 0x49C81B4: _IO_file_doallocate (filedoalloc.c:101)
  n1: 4096 0x49D8523: _IO_doallocbuf (genops.c:347)
   n1: 4096 0x49D5F8F: _IO_file_overflow@@GLIBC_2.2.5 (fileops.c:745)
    n1: 4096 0x49D6AAE: _IO_new_file_xsputn (fileops.c:1244)
     n1: 4096 0x49D6AAE: _IO_file_xsputn@@GLIBC_2.2.5 (fileops.c:1197)
      n1: 4096 0x49CAC5C: puts (ioputs.c:40)
       n0: 4096 0x10DA95: main (in /home/user/omnomnum/test/test_massif)
 n1: 3664 0x110C2C: ParseAlloc (in /home/user/omnomnum/test/test_massif)
  n2: 3664 0x10FAB0: find_numbers (in /home/user/omnomnum/test/test_massif)
   n1: 1832 0x10F151: process_fallback_token (in /home/user/omnomnum/test/test_massif)
    n1: 1832 0x1101E4: normalize (in /home/user/omnomnum/test/test_massif)
     n1: 1832 0x10DA1B: test_fallback_heavy (in /home/user/omnomnum/test/test_massif)
      n0: 1832 0x10DAB3: main (in /home/user/omnomnum/test/test_massif)
   n1: 1832 0x10FDCE: normalize (in /home/user/omnomnum/test/test_massif)
    n1: 1832 0x10DA1B: test_fallback_heavy (in /home/user/omnomnum/test/test_massif)
     n0: 1832 0x10DAB3: main (in /home/user/omnomnum/test/test_massif)
 n2: 384 0x132736: initYYSTYPEList (in /home/user/omnomnum/test/test_massif)
  n1: 384 0x132D04: getOrInitSubState (in /home/user/omnomnum/test/test_massif)
   n1: 384 0x10F0D8: process_fallback_token (in /home/user/omnomnum/test/test_massif)
    n1: 384 0x1101E4: normalize (in /home/user/omnomnum/test/test_massif)
     n1: 384 0x10DA1B: test_fallback_heavy (in /home/user/omnomnum/test/test_massif)
      n0: 384 0x10DAB3: main (in /home/user/omnomnum/test/test_massif)
  n0: 0 in 1 place, below massif's threshold (1.00%)
 n1: 384 0x1328C9: resetYYSTYPElist (in /home/user/omnomnum/test/test_massif)
  n1: 384 0x132B19: resetParserState (in /home/user/omnomnum/test/test_massif)
   n1: 384 0x10DA2A: test_fallback_heavy (in /home/user/omnomnum/test/test_massif)
    n0: 384 0x10DAB3: main (in /home/user/omnomnum/test/test_massif)
 n2: 170 0x12FC1A: sdsMakeRoomFor (in /home/user/omnomnum/test/test_massif)
  n1: 164 0x10FE34: normalize (in /home/user/omnomnum/test/test_massif)
   n1: 164 0x10DA1B: test_fallback_heavy (in /home/user/omnomnum/test/test_massif)
    n0: 164 0x10DAB3: main (in /home/user/omnomnum/test/test_massif)
  n0: 6 in 1 place, below massif's threshold (1.00%)
 n0: 92 in 3 places, all below massif's threshold (1.00%)
#-----------
snapshot=61
#-----------
time=84607543
mem_heap_B=8790
mem_heap_extra_B=5890
mem_stacks_B=1288
heap_tree=empty
#-----------
snapshot=62
#-----------
time=85612579
mem_heap_B=8790
mem_heap_extra_B=5890
mem_stacks_B=1584
heap_tree=empty
#-----------
snapshot=63
#-----------
time=86617624
mem_heap_B=8790
mem_heap_extra_B=5890
mem_stacks_B=1464
heap_tree=empty
#-----------
snapshot=64
#-----------
time=87622723
mem_heap_B=8790
mem_heap_extra_B=5890
mem_stacks_B=1088
heap_tree=empty
#-----------
snapshot=65
#-----------
time=88627777
mem_heap_B=8790
mem_heap_extra_B=5890
mem_stacks_B=1472
heap_tree=empty
#-----------
snapshot=66
#-----------
time=89633027
mem_heap_B=8790
mem_heap_extra_B=5890
mem_stacks_B=1496
heap_tree=empty
